// Jest Snapshot v1, https://goo.gl/fbAQLP

exports[`<PostCard /> should match snapshot 1`] = `
.c3 {
  color: #000000;
  font-size: 2.4rem;
  text-transform: none;
}

.c0 .c2 {
  margin: 0;
  margin-top: calc(1.6rem -0.6rem);
  margin-bottom: 1.6rem;
}

.c0 a {
  -webkit-text-decoration: none;
  text-decoration: none;
  color: inherit;
  -webkit-transition: all 300ms ease-in-out;
  transition: all 300ms ease-in-out;
}

.c0:hover a {
  color: #dc143c;
}

.c0:hover img {
  opacity: 0.8;
}

.c1 {
  max-width: 100%;
  -webkit-transition: opacity 300ms ease-in-out;
  transition: opacity 300ms ease-in-out;
}

<div>
  <div
    class="c0"
  >
    <a
      href="/post/a-importancia-do-react-6-no-frontend"
    >
      <img
        alt="A importância do react 6 no frontend"
        class="c1"
        src="https://img.freepik.com/vetores-gratis/cidade-moderna-no-rio-a-noite_1441-2829.jpg?w=1060&t=st=1687883386~exp=1687883986~hmac=8f2d3eb84e58e071e05d2506ae05451b54aa8f23e648beaf0f684ecc8d1f795f"
      />
    </a>
    <h2
      class="c2 c3"
    >
      <a
        href="/post/a-importancia-do-react-6-no-frontend"
      >
        A importância do react 6 no frontend
      </a>
    </h2>
    <p
      class=""
    >
      Bem-vindo ao nosso site sobre React! Aqui você encontrará um resumo conciso e abrangente sobre essa popular biblioteca JavaScript para construção de interfaces de usuário.
    </p>
  </div>
</div>
`;
